Makefile
Nnum
Nnum.c
input.txt
output.txt
script.wsh
test
test.c
testfolder
wsh
wsh-dbg
wsh.c
wsh.h
