P4_TESTER:test_1.c:13 Could not get process stats from pgetinfo
